Trajectory file: test.xyz
log file: test.log
nAtoms: 256
Temperature: 300.000000
nIter: 1000
deltaWrite: 10
deltaX (MC translation): 1.000000
kB*T=0.596161
box dimension: 24.850000
Total job time (seconds): 0.000389
 
